// Jest Snapshot v1, https://goo.gl/fbAQLP

exports[`renders AddPlayer page 1`] = `
<div>
  <form>
    <fieldset>
      <legend>
        Add Player
      </legend>
      <label
        for="name"
      >
        Name: 
      </label>
      <input
        id="name"
        name="Player-name"
        required=""
        type="text"
        value=""
      />
      <label
        for="position"
      >
        Position: 
      </label>
      <input
        id="position"
        name="Player-city"
        required=""
        type="text"
        value=""
      />
      <label
        for="team"
      >
        Team: 
      </label>
      <select
        id="team"
        name="teams"
        required=""
      >
        <option
          value=""
        >
          -
        </option>
      </select>
      <input
        type="submit"
      />
    </fieldset>
  </form>
</div>
`;
