// Jest Snapshot v1, https://goo.gl/fbAQLP

exports[`renders PlayersList page 1`] = `
<div>
  <main>
    <section>
      <ul>
        <li>
          <a
            href="/players/1"
          >
            <article>
              <h3>
                Ben E. Jetts
              </h3>
              <h6>
                2021-11-22T20:11:15+00:00
              </h6>
              <h5>
                Position: 
                Pitcher
              </h5>
            </article>
          </a>
        </li>
        <li>
          <a
            href="/players/12"
          >
            <article>
              <h3>
                Betty Grey
              </h3>
              <h6>
                2021-11-28T04:55:57+00:00
              </h6>
              <h5>
                Position: 
                Shortstop
              </h5>
            </article>
          </a>
        </li>
        <li>
          <a
            href="/players/7"
          >
            <article>
              <h3>
                Bud E. Guy
              </h3>
              <h6>
                2021-11-28T04:48:43+00:00
              </h6>
              <h5>
                Position: 
                Outfield
              </h5>
            </article>
          </a>
        </li>
        <li>
          <a
            href="/players/8"
          >
            <article>
              <h3>
                Buster Rimes
              </h3>
              <h6>
                2021-11-28T04:50:00+00:00
              </h6>
              <h5>
                Position: 
                Shortstop
              </h5>
            </article>
          </a>
        </li>
        <li>
          <a
            href="/players/9"
          >
            <article>
              <h3>
                Deb E. Downer
              </h3>
              <h6>
                2021-11-28T04:50:18+00:00
              </h6>
              <h5>
                Position: 
                Pitcher
              </h5>
            </article>
          </a>
        </li>
        <li>
          <a
            href="/players/13"
          >
            <article>
              <h3>
                Dwayne Elizondo Mountain Dew Herbert Camacho
              </h3>
              <h6>
                2021-11-28T04:56:31+00:00
              </h6>
              <h5>
                Position: 
                Pitcher
              </h5>
            </article>
          </a>
        </li>
        <li>
          <a
            href="/players/15"
          >
            <article>
              <h3>
                Frito Pendejo
              </h3>
              <h6>
                2021-12-01T05:08:58+00:00
              </h6>
              <h5>
                Position: 
                Outfield
              </h5>
            </article>
          </a>
        </li>
        <li>
          <a
            href="/players/5"
          >
            <article>
              <h3>
                Gary Coolman
              </h3>
              <h6>
                2021-11-28T04:47:26+00:00
              </h6>
              <h5>
                Position: 
                Pitcher
              </h5>
            </article>
          </a>
        </li>
        <li>
          <a
            href="/players/2"
          >
            <article>
              <h3>
                Hans Olo
              </h3>
              <h6>
                2021-11-22T20:12:14+00:00
              </h6>
              <h5>
                Position: 
                Catcher
              </h5>
            </article>
          </a>
        </li>
        <li>
          <a
            href="/players/10"
          >
            <article>
              <h3>
                Jayne Phonda
              </h3>
              <h6>
                2021-11-28T04:53:23+00:00
              </h6>
              <h5>
                Position: 
                Catcher
              </h5>
            </article>
          </a>
        </li>
        <li>
          <a
            href="/players/14"
          >
            <article>
              <h3>
                Joe Bauers
              </h3>
              <h6>
                2021-12-01T05:07:28+00:00
              </h6>
              <h5>
                Position: 
                Catcher
              </h5>
            </article>
          </a>
        </li>
        <li>
          <a
            href="/players/11"
          >
            <article>
              <h3>
                Kara Whollot
              </h3>
              <h6>
                2021-11-28T04:54:03+00:00
              </h6>
              <h5>
                Position: 
                Outfield
              </h5>
            </article>
          </a>
        </li>
        <li>
          <a
            href="/players/3"
          >
            <article>
              <h3>
                Ron Long
              </h3>
              <h6>
                2021-11-22T20:13:14+00:00
              </h6>
              <h5>
                Position: 
                Outfield
              </h5>
            </article>
          </a>
        </li>
        <li>
          <a
            href="/players/4"
          >
            <article>
              <h3>
                Shorty Biggum
              </h3>
              <h6>
                2021-11-22T20:15:04+00:00
              </h6>
              <h5>
                Position: 
                Shortstop
              </h5>
            </article>
          </a>
        </li>
        <li>
          <a
            href="/players/6"
          >
            <article>
              <h3>
                Terry Cruise
              </h3>
              <h6>
                2021-11-28T04:47:40+00:00
              </h6>
              <h5>
                Position: 
                Catcher
              </h5>
            </article>
          </a>
        </li>
      </ul>
    </section>
  </main>
</div>
`;
