// Jest Snapshot v1, https://goo.gl/fbAQLP

exports[`renders PlayersList component 1`] = `
<div>
  <ul>
    <li>
      <a
        href="/players/1"
      >
        <article>
          <h3>
            test-name
          </h3>
          <h6>
            Date Created: 
            Invalid Date
          </h6>
          <h5>
            Position: 
          </h5>
        </article>
      </a>
    </li>
  </ul>
</div>
`;
