// Jest Snapshot v1, https://goo.gl/fbAQLP

exports[`renders TeamsList page w/ data from api 1`] = `
<div>
  <main>
    <section>
      <button>
        Add team
      </button>
      <ul>
        <li>
          <a
            href="/teams/6"
          >
            <article>
              <h3>
                redirect me!
              </h3>
              <h6>
                Date Created: 
                12/8/2021
              </h6>
              <h5>
                okay, go 
              </h5>
            </article>
          </a>
        </li>
      </ul>
    </section>
  </main>
</div>
`;
