// Jest Snapshot v1, https://goo.gl/fbAQLP

exports[`renders TeamsList page 1`] = `
<div>
  <main>
    <section>
      <button>
        Add team
      </button>
      <ul>
        <li>
          <a
            href="/teams/1"
          >
            <article>
              <h3>
                Big Lebowski's League for Underprivileged Children
              </h3>
              <h6>
                Date Created: 
                12/8/2021
              </h6>
              <h5>
                Milwaukie, Oreeegon 
              </h5>
            </article>
          </a>
        </li>
      </ul>
    </section>
  </main>
</div>
`;
