// Jest Snapshot v1, https://goo.gl/fbAQLP

exports[`renders TeamDetails page w/ data from api 1`] = `
<div>
  <main>
    <section>
      <article
        style="border: 1px solid black;"
      >
        <article>
          <h3>
            redirect me!
          </h3>
          <h6>
            Date Created: 
            12/8/2021
          </h6>
          <h5>
            okay, go 
          </h5>
        </article>
        <button>
          Edit Team
        </button>
        <button>
          Delete Team
        </button>
      </article>
    </section>
    <section>
      <h1>
        No player data to display
      </h1>
    </section>
  </main>
</div>
`;
