// Jest Snapshot v1, https://goo.gl/fbAQLP

exports[`renders TeamDetails page 1`] = `
<div>
  <main>
    <section>
      <article
        style="border: 1px solid black;"
      >
        <article>
          <h3>
            Big Lebowski's League for Underprivileged Children
          </h3>
          <h6>
            Date Created: 
            12/8/2021
          </h6>
          <h5>
            Washington, Oregon 
          </h5>
        </article>
        <button>
          Edit Team
        </button>
        <button>
          Delete Team
        </button>
      </article>
    </section>
    <section>
      <ul>
        <li>
          <a
            href="/players/9"
          >
            <article>
              <h3>
                Joe Budden
              </h3>
              <h6>
                Date Created: 
                12/10/2021
              </h6>
              <h5>
                Position: 
                butthole
              </h5>
            </article>
          </a>
        </li>
      </ul>
    </section>
  </main>
</div>
`;
